 original

 Timestamp is 6a1e9316 (Tue Jun 02 10:23:50 2026)

 Preferred load address is 00400000

 Start         Length     Name                   Class
 0001:00000000 000045a8H .text                   CODE
 0002:00000000 000003b3H .rdata                  DATA
 0002:000003b8 00000028H .xdata$x                DATA
 0002:000003e0 00000000H .edata                  DATA
 0003:00000000 00000004H .CRT$XCA                DATA
 0003:00000004 00000004H .CRT$XCC                DATA
 0003:00000008 00000004H .CRT$XCZ                DATA
 0003:0000000c 00000004H .CRT$XIA                DATA
 0003:00000010 00000008H .CRT$XIC                DATA
 0003:00000018 00000004H .CRT$XIZ                DATA
 0003:0000001c 00000004H .CRT$XPA                DATA
 0003:00000020 00000004H .CRT$XPX                DATA
 0003:00000024 00000004H .CRT$XPZ                DATA
 0003:00000028 00000004H .CRT$XTA                DATA
 0003:0000002c 00000004H .CRT$XTZ                DATA
 0003:00000030 00001118H .data                   DATA
 0003:00001148 0000129cH .bss                    DATA
 0004:00000000 00000014H .idata$2                DATA
 0004:00000014 00000014H .idata$3                DATA
 0004:00000028 000000c8H .idata$4                DATA
 0004:000000f0 000000c8H .idata$5                DATA
 0004:000001b8 00000370H .idata$6                DATA

  Address         Publics by Value              Rva+Base   Lib:Object

 0001:00000000       ??1CleanupProbe@@QAE@XZ    00401000 f original.obj
 0001:00000029       ?score@ScoreTable@@QBEHH@Z 00401029 f original.obj
 0001:00000061       ?tick@Reactor@@QAEHH@Z     00401061 f original.obj
 0001:0000009e       ?canOpen@Door@@QBEHH@Z     0040109e f original.obj
 0001:000000e8       ?severity@LessonLog@@QBEHH@Z 004010e8 f original.obj
 0001:00000185       ?boundary_after_reconstructed@@YAHH@Z 00401185 f original.obj
 0001:00000199       _main                      00401199 f original.obj
 0001:00000220       ??0CleanupProbe@@QAE@PAH@Z 00401220 f original.obj
 0001:00000250       ??0ScoreTable@@QAE@H@Z     00401250 f original.obj
 0001:00000280       ??0Reactor@@QAE@H@Z        00401280 f original.obj
 0001:000002b0       ??0Door@@QAE@H@Z           004012b0 f original.obj
 0001:000002e0       ??0LessonLog@@QAE@H@Z      004012e0 f original.obj
 0001:00000304       __global_unwind2           00401304 f LIBCMT:exsup.obj
 0001:00000346       __local_unwind2            00401346 f LIBCMT:exsup.obj
 0001:0000039e       __NLG_Return2              0040139e   LIBCMT:exsup.obj
 0001:000003ae       __abnormal_termination     004013ae f LIBCMT:exsup.obj
 0001:000003d1       __NLG_Notify1              004013d1 f LIBCMT:exsup.obj
 0001:000003da       __NLG_Notify               004013da f LIBCMT:exsup.obj
 0001:000003ed       __NLG_Dispatch             004013ed   LIBCMT:exsup.obj
 0001:00000400       ?_JumpToContinuation@@YGXPAXPAUEHRegistrationNode@@@Z 00401400 f LIBCMT:trnsctrl.obj
 0001:00000440       ?_CallMemberFunction0@@YGXPAX0@Z 00401440 f LIBCMT:trnsctrl.obj
 0001:00000450       ?_CallMemberFunction1@@YGXPAX00@Z 00401450 f LIBCMT:trnsctrl.obj
 0001:00000460       ?_CallMemberFunction2@@YGXPAX00H@Z 00401460 f LIBCMT:trnsctrl.obj
 0001:00000470       ?_UnwindNestedFrames@@YGXPAUEHRegistrationNode@@PAUEHExceptionRecord@@@Z 00401470 f LIBCMT:trnsctrl.obj
 0001:000004d0       ___CxxFrameHandler         004014d0 f LIBCMT:trnsctrl.obj
 0001:00000510       ?_CallCatchBlock2@@YAPAXPAUEHRegistrationNode@@PBU_s_FuncInfo@@PAXHK@Z 00401510 f LIBCMT:trnsctrl.obj
 0001:000005b0       ?_CallSETranslator@@YAHPAUEHExceptionRecord@@PAUEHRegistrationNode@@PAX2PBU_s_FuncInfo@@H1@Z 004015b0 f LIBCMT:trnsctrl.obj
 0001:00000700       _mainCRTStartup            00401700 f LIBCMT:crt0.obj
 0001:00000840       __amsg_exit                00401840 f LIBCMT:crt0.obj
 0001:00000870       ___InternalCxxFrameHandler 00401870 f LIBCMT:frame.obj
 0001:00000d50       ___FrameUnwindToState      00401d50 f LIBCMT:frame.obj
 0001:000012e0       __CallSettingFrame@12      004022e0 f LIBCMT:lowhelpr.obj
 0001:00001305       __NLG_Return               00402305   LIBCMT:lowhelpr.obj
 0001:00001330       __mtinit                   00402330 f LIBCMT:tidtable.obj
 0001:00001390       __initptd                  00402390 f LIBCMT:tidtable.obj
 0001:000013b0       __getptd                   004023b0 f LIBCMT:tidtable.obj
 0001:00001420       __cinit                    00402420 f LIBCMT:crt0dat.obj
 0001:00001450       _exit                      00402450 f LIBCMT:crt0dat.obj
 0001:00001470       __exit                     00402470 f LIBCMT:crt0dat.obj
 0001:00001550       __lockexit                 00402550 f LIBCMT:crt0dat.obj
 0001:00001560       __unlockexit               00402560 f LIBCMT:crt0dat.obj
 0001:00001590       __XcptFilter               00402590 f LIBCMT:winxfltr.obj
 0001:00001710       __setenvp                  00402710 f LIBCMT:stdenvp.obj
 0001:00001800       __setargv                  00402800 f LIBCMT:stdargv.obj
 0001:00001a70       ___crtGetEnvironmentStringsA 00402a70 f LIBCMT:aw_env.obj
 0001:00001c00       __setmbcp                  00402c00 f LIBCMT:mbctype.obj
 0001:00001f10       ___initmbctable            00402f10 f LIBCMT:mbctype.obj
 0001:00001f20       __ioinit                   00402f20 f LIBCMT:ioinit.obj
 0001:00002100       __heap_init                00403100 f LIBCMT:heapinit.obj
 0001:00002144       __except_handler3          00403144 f LIBCMT:exsup3.obj
 0001:00002201       __seh_longjmp_unwind@4     00403201 f LIBCMT:exsup3.obj
 0001:00002220       __FF_MSGBANNER             00403220 f LIBCMT:crt0msg.obj
 0001:00002260       __NMSG_WRITE               00403260 f LIBCMT:crt0msg.obj
 0001:00002490       ?__CxxUnhandledExceptionFilter@@YGJPAU_EXCEPTION_POINTERS@@@Z 00403490 f LIBCMT:unhandld.obj
 0001:000024f0       ?__CxxRestoreUnhandledExceptionFilter@@YAXXZ 004034f0 f LIBCMT:unhandld.obj
 0001:00002500       ?terminate@@YAXXZ          00403500 f LIBCMT:hooks.obj
 0001:00002580       ?_inconsistency@@YAXXZ     00403580 f LIBCMT:hooks.obj
 0001:00002600       ?_ValidateRead@@YAHPBXI@Z  00403600 f LIBCMT:validate.obj
 0001:00002620       ?_ValidateWrite@@YAHPAXI@Z 00403620 f LIBCMT:validate.obj
 0001:00002640       ?_ValidateExecute@@YAHP6GHXZ@Z 00403640 f LIBCMT:validate.obj
 0001:00002660       _memmove                   00403660 f LIBCMT:memmove.obj
 0001:000027b0       _calloc                    004037b0 f LIBCMT:calloc.obj
 0001:00002860       __mtinitlocks              00403860 f LIBCMT:mlock.obj
 0001:00002890       __lock                     00403890 f LIBCMT:mlock.obj
 0001:00002900       __unlock                   00403900 f LIBCMT:mlock.obj
 0001:00002920       __lock_file                00403920 f LIBCMT:mlock.obj
 0001:00002960       __lock_file2               00403960 f LIBCMT:mlock.obj
 0001:00002990       __unlock_file              00403990 f LIBCMT:mlock.obj
 0001:000029d0       __unlock_file2             004039d0 f LIBCMT:mlock.obj
 0001:00002a00       _free                      00403a00 f LIBCMT:free.obj
 0001:00002a70       _malloc                    00403a70 f LIBCMT:malloc.obj
 0001:00002a90       __nh_malloc                00403a90 f LIBCMT:malloc.obj
 0001:00002ae0       __heap_alloc               00403ae0 f LIBCMT:malloc.obj
 0001:00002b40       ___sbh_new_region          00403b40 f LIBCMT:sbheap.obj
 0001:00002cb0       ___sbh_release_region      00403cb0 f LIBCMT:sbheap.obj
 0001:00002d10       ___sbh_decommit_pages      00403d10 f LIBCMT:sbheap.obj
 0001:00002df0       ___sbh_find_block          00403df0 f LIBCMT:sbheap.obj
 0001:00002e50       ___sbh_free_block          00403e50 f LIBCMT:sbheap.obj
 0001:00002ea0       ___sbh_alloc_block         00403ea0 f LIBCMT:sbheap.obj
 0001:00003120       ___sbh_alloc_block_from_page 00404120 f LIBCMT:sbheap.obj
 0001:000032a0       ___sbh_resize_block        004042a0 f LIBCMT:sbheap.obj
 0001:00003370       ___crtMessageBoxA          00404370 f LIBCMT:crtmbox.obj
 0001:00003410       _strncpy                   00404410 f LIBCMT:strncpy.obj
 0001:00003510       __onexit                   00404510 f LIBCMT:onexit.obj
 0001:000035a0       _atexit                    004045a0 f LIBCMT:onexit.obj
 0001:000035c0       ___onexitinit              004045c0 f LIBCMT:onexit.obj
 0001:00003600       _abort                     00404600 f LIBCMT:abort.obj
 0001:00003620       __callnewh                 00404620 f LIBCMT:handler.obj
 0001:00003660       ___initstdio               00404660 f LIBCMT:_file.obj
 0001:00003730       ___endstdio                00404730 f LIBCMT:_file.obj
 0001:00003750       _realloc                   00404750 f LIBCMT:realloc.obj
 0001:00003920       __msize                    00404920 f LIBCMT:msize.obj
 0001:00003990       _raise                     00404990 f LIBCMT:winsig.obj
 0001:00003bb0       __fcloseall                00404bb0 f LIBCMT:closeall.obj
 0001:00003c50       __fflush_lk                00404c50 f LIBCMT:fflush.obj
 0001:00003c90       __flush                    00404c90 f LIBCMT:fflush.obj
 0001:00003d00       __flushall                 00404d00 f LIBCMT:fflush.obj
 0001:00003de0       __dosmaperr                00404de0 f LIBCMT:dosmap.obj
 0001:00003e60       __errno                    00404e60 f LIBCMT:dosmap.obj
 0001:00003e70       ___doserrno                00404e70 f LIBCMT:dosmap.obj
 0001:00003e80       _fclose                    00404e80 f LIBCMT:fclose.obj
 0001:00003ec0       __fclose_lk                00404ec0 f LIBCMT:fclose.obj
 0001:00003f20       __commit                   00404f20 f LIBCMT:commit.obj
 0001:00003fd0       __write                    00404fd0 f LIBCMT:write.obj
 0001:00004050       __write_lk                 00405050 f LIBCMT:write.obj
 0001:00004250       __close                    00405250 f LIBCMT:close.obj
 0001:000042c0       __close_lk                 004052c0 f LIBCMT:close.obj
 0001:00004350       __freebuf                  00405350 f LIBCMT:_freebuf.obj
 0001:00004390       __free_osfhnd              00405390 f LIBCMT:osfinfo.obj
 0001:00004430       __get_osfhandle            00405430 f LIBCMT:osfinfo.obj
 0001:00004480       __lock_fhandle             00405480 f LIBCMT:osfinfo.obj
 0001:000044f0       __unlock_fhandle           004054f0 f LIBCMT:osfinfo.obj
 0001:00004520       __lseek_lk                 00405520 f LIBCMT:lseek.obj
 0001:000045a2       _RtlUnwind@16              004055a2 f kernel32:KERNEL32.dll
 0002:00000054       ??_C@_0P@GGKG@runtime?5error?5?$AA@ 00406054   LIBCMT:crt0msg.obj
 0002:00000064       ??_C@_02PIMC@?$AN?6?$AA@   00406064   LIBCMT:crt0msg.obj
 0002:00000068       ??_C@_0O@DELO@TLOSS?5error?$AN?6?$AA@ 00406068   LIBCMT:crt0msg.obj
 0002:00000078       ??_C@_0N@OMLL@SING?5error?$AN?6?$AA@ 00406078   LIBCMT:crt0msg.obj
 0002:00000088       ??_C@_0P@OJAK@DOMAIN?5error?$AN?6?$AA@ 00406088   LIBCMT:crt0msg.obj
 0002:00000098       ??_C@_0CF@EANP@R6028?$AN?6?9?5unable?5to?5initialize?5he@ 00406098   LIBCMT:crt0msg.obj
 0002:000000c0       ??_C@_0DF@ECGN@R6027?$AN?6?9?5not?5enough?5space?5for?5lo@ 004060c0   LIBCMT:crt0msg.obj
 0002:000000f8       ??_C@_0DF@FKAC@R6026?$AN?6?9?5not?5enough?5space?5for?5st@ 004060f8   LIBCMT:crt0msg.obj
 0002:00000130       ??_C@_0CG@DPMN@R6025?$AN?6?9?5pure?5virtual?5function?5c@ 00406130   LIBCMT:crt0msg.obj
 0002:00000158       ??_C@_0DF@CKIP@R6024?$AN?6?9?5not?5enough?5space?5for?5_o@ 00406158   LIBCMT:crt0msg.obj
 0002:00000190       ??_C@_0CJ@GGOE@R6019?$AN?6?9?5unable?5to?5open?5console?5@ 00406190   LIBCMT:crt0msg.obj
 0002:000001bc       ??_C@_0CB@LBOB@R6018?$AN?6?9?5unexpected?5heap?5error?$AN?6@ 004061bc   LIBCMT:crt0msg.obj
 0002:000001e0       ??_C@_0CN@FPEG@R6017?$AN?6?9?5unexpected?5multithread?5@ 004061e0   LIBCMT:crt0msg.obj
 0002:00000210       ??_C@_0CM@OBIC@R6016?$AN?6?9?5not?5enough?5space?5for?5th@ 00406210   LIBCMT:crt0msg.obj
 0002:0000023c       ??_C@_0CB@HPAL@?$AN?6abnormal?5program?5termination?$AN?6@ 0040623c   LIBCMT:crt0msg.obj
 0002:00000260       ??_C@_0CM@JOOB@R6009?$AN?6?9?5not?5enough?5space?5for?5en@ 00406260   LIBCMT:crt0msg.obj
 0002:0000028c       ??_C@_0CK@OIBL@R6008?$AN?6?9?5not?5enough?5space?5for?5ar@ 0040628c   LIBCMT:crt0msg.obj
 0002:000002b8       ??_C@_0CF@LKPB@R6002?$AN?6?9?5floating?5point?5not?5load@ 004062b8   LIBCMT:crt0msg.obj
 0002:000002e0       ??_C@_0CF@JPDF@Microsoft?5Visual?5C?$CL?$CL?5Runtime?5Lib@ 004062e0   LIBCMT:crt0msg.obj
 0002:00000308       ??_C@_02JJJH@?6?6?$AA@     00406308   LIBCMT:crt0msg.obj
 0002:0000030c       ??_C@_0BK@DEOK@Runtime?5Error?$CB?6?6Program?3?5?$AA@ 0040630c   LIBCMT:crt0msg.obj
 0002:00000328       ??_C@_03NAME@?4?4?4?$AA@   00406328   LIBCMT:crt0msg.obj
 0002:0000032c       ??_C@_0BH@NNCD@?$DMprogram?5name?5unknown?$DO?$AA@ 0040632c   LIBCMT:crt0msg.obj
 0002:00000378       ??_C@_0BD@NJFP@GetLastActivePopup?$AA@ 00406378   LIBCMT:crtmbox.obj
 0002:0000038c       ??_C@_0BA@GILI@GetActiveWindow?$AA@ 0040638c   LIBCMT:crtmbox.obj
 0002:0000039c       ??_C@_0M@PKCK@MessageBoxA?$AA@ 0040639c   LIBCMT:crtmbox.obj
 0002:000003a8       ??_C@_0L@HKL@user32?4dll?$AA@ 004063a8   LIBCMT:crtmbox.obj
 0003:00000000       ___xc_a                    00407000   LIBCMT:crt0init.obj
 0003:00000008       ___xc_z                    00407008   LIBCMT:crt0init.obj
 0003:0000000c       ___xi_a                    0040700c   LIBCMT:crt0init.obj
 0003:00000018       ___xi_z                    00407018   LIBCMT:crt0init.obj
 0003:0000001c       ___xp_a                    0040701c   LIBCMT:crt0init.obj
 0003:00000024       ___xp_z                    00407024   LIBCMT:crt0init.obj
 0003:00000028       ___xt_a                    00407028   LIBCMT:crt0init.obj
 0003:0000002c       ___xt_z                    0040702c   LIBCMT:crt0init.obj
 0003:00000030       ?g_Title_00407030@@3PADA   00407030   original.obj
 0003:00000038       ?g_Bonus_00407038@@3HA     00407038   original.obj
 0003:0000003c       ?g_Threshold_0040703C@@3HA 0040703c   original.obj
 0003:00000040       ?g_Rotor_00407040@@3PAHA   00407040   original.obj
 0003:0000004c       __NLG_Destination          0040704c   LIBCMT:exsup.obj
 0003:0000005c       __aenvptr                  0040705c   LIBCMT:crt0.obj
 0003:00000060       __wenvptr                  00407060   LIBCMT:crt0.obj
 0003:00000064       __aexit_rtn                00407064   LIBCMT:crt0.obj
 0003:00000068       ___error_mode              00407068   LIBCMT:crt0.obj
 0003:0000006c       ___app_type                0040706c   LIBCMT:crt0.obj
 0003:00000080       ___tlsindex                00407080   LIBCMT:tidtable.obj
 0003:00000084       __umaskval                 00407084   LIBCMT:crt0dat.obj
 0003:00000088       __osver                    00407088   LIBCMT:crt0dat.obj
 0003:0000008c       __winver                   0040708c   LIBCMT:crt0dat.obj
 0003:00000090       __winmajor                 00407090   LIBCMT:crt0dat.obj
 0003:00000094       __winminor                 00407094   LIBCMT:crt0dat.obj
 0003:00000098       ___argc                    00407098   LIBCMT:crt0dat.obj
 0003:0000009c       ___argv                    0040709c   LIBCMT:crt0dat.obj
 0003:000000a0       ___wargv                   004070a0   LIBCMT:crt0dat.obj
 0003:000000a4       __environ                  004070a4   LIBCMT:crt0dat.obj
 0003:000000a8       ___initenv                 004070a8   LIBCMT:crt0dat.obj
 0003:000000ac       __wenviron                 004070ac   LIBCMT:crt0dat.obj
 0003:000000b0       ___winitenv                004070b0   LIBCMT:crt0dat.obj
 0003:000000b4       __pgmptr                   004070b4   LIBCMT:crt0dat.obj
 0003:000000b8       __wpgmptr                  004070b8   LIBCMT:crt0dat.obj
 0003:000000bc       __exitflag                 004070bc   LIBCMT:crt0dat.obj
 0003:000000c0       __C_Termination_Done       004070c0   LIBCMT:crt0dat.obj
 0003:000000c4       __C_Exit_Done              004070c4   LIBCMT:crt0dat.obj
 0003:000000c8       __XcptActTab               004070c8   LIBCMT:winxfltr.obj
 0003:00000140       __First_FPE_Indx           00407140   LIBCMT:winxfltr.obj
 0003:00000144       __Num_FPE                  00407144   LIBCMT:winxfltr.obj
 0003:00000148       __XcptActTabSize           00407148   LIBCMT:winxfltr.obj
 0003:0000014c       __XcptActTabCount          0040714c   LIBCMT:winxfltr.obj
 0003:00000158       __mbctype                  00407158   LIBCMT:mbctype.obj
 0003:0000025c       ___mbcodepage              0040725c   LIBCMT:mbctype.obj
 0003:00000260       ___mblcid                  00407260   LIBCMT:mbctype.obj
 0003:00000268       ___mbulinfo                00407268   LIBCMT:mbctype.obj
 0003:00000370       ___badioinfo               00407370   LIBCMT:ioinit.obj
 0003:00000394       __amblksiz                 00407394   LIBCMT:heapinit.obj
 0003:00000428       __adbgmsg                  00407428   LIBCMT:crt0msg.obj
 0003:0000042c       ?__pInconsistency@@3P6AXXZA 0040742c   LIBCMT:hooks.obj
 0003:00000430       __locktable                00407430   LIBCMT:mlock.obj
 0003:000004f0       ___lc_handle               004074f0   LIBCMT:nlsdata2.obj
 0003:00000508       ___lc_codepage             00407508   LIBCMT:nlsdata2.obj
 0003:00000510       ___small_block_heap        00407510   LIBCMT:sbheap.obj
 0003:00000d2c       ___sbh_threshold           00407d2c   LIBCMT:sbheap.obj
 0003:00000d40       __newmode                  00407d40   LIBCMT:_newmode.obj
 0003:00000d48       __iob                      00407d48   LIBCMT:_file.obj
 0003:00000fc8       __cflush                   00407fc8   LIBCMT:_file.obj
 0003:000012b0       ?_pnhHeap@@3P6AHI@ZA       004082b0   LIBCMT:handler.obj
 0003:000012b4       ___piob                    004082b4   <common>
 0003:000012c0       __bufin                    004082c0   <common>
 0003:000022c0       __nstream                  004092c0   <common>
 0003:000022c4       __crtheap                  004092c4   <common>
 0003:000022d0       ___pioinfo                 004092d0   <common>
 0003:000023d0       __nhandle                  004093d0   <common>
 0003:000023d4       ___onexitend               004093d4   <common>
 0003:000023d8       ___onexitbegin             004093d8   <common>
 0003:000023dc       __FPinit                   004093dc   <common>
 0003:000023e0       __acmdln                   004093e0   <common>
 0004:00000000       __IMPORT_DESCRIPTOR_KERNEL32 0040a000   kernel32:KERNEL32.dll
 0004:00000014       __NULL_IMPORT_DESCRIPTOR   0040a014   kernel32:KERNEL32.dll
 0004:000000f0       __imp__GetStdHandle@4      0040a0f0   kernel32:KERNEL32.dll
 0004:000000f4       __imp__GetCommandLineA@0   0040a0f4   kernel32:KERNEL32.dll
 0004:000000f8       __imp__GetVersion@0        0040a0f8   kernel32:KERNEL32.dll
 0004:000000fc       __imp__GetCurrentThreadId@0 0040a0fc   kernel32:KERNEL32.dll
 0004:00000100       __imp__TlsSetValue@8       0040a100   kernel32:KERNEL32.dll
 0004:00000104       __imp__TlsAlloc@0          0040a104   kernel32:KERNEL32.dll
 0004:00000108       __imp__SetLastError@4      0040a108   kernel32:KERNEL32.dll
 0004:0000010c       __imp__TlsGetValue@4       0040a10c   kernel32:KERNEL32.dll
 0004:00000110       __imp__GetLastError@0      0040a110   kernel32:KERNEL32.dll
 0004:00000114       __imp__ExitProcess@4       0040a114   kernel32:KERNEL32.dll
 0004:00000118       __imp__TerminateProcess@8  0040a118   kernel32:KERNEL32.dll
 0004:0000011c       __imp__GetCurrentProcess@0 0040a11c   kernel32:KERNEL32.dll
 0004:00000120       __imp__UnhandledExceptionFilter@4 0040a120   kernel32:KERNEL32.dll
 0004:00000124       __imp__GetModuleFileNameA@12 0040a124   kernel32:KERNEL32.dll
 0004:00000128       __imp__FreeEnvironmentStringsA@4 0040a128   kernel32:KERNEL32.dll
 0004:0000012c       __imp__GetEnvironmentStrings@0 0040a12c   kernel32:KERNEL32.dll
 0004:00000130       __imp__FreeEnvironmentStringsW@4 0040a130   kernel32:KERNEL32.dll
 0004:00000134       __imp__GetEnvironmentStringsW@0 0040a134   kernel32:KERNEL32.dll
 0004:00000138       __imp__WideCharToMultiByte@32 0040a138   kernel32:KERNEL32.dll
 0004:0000013c       __imp__GetCPInfo@8         0040a13c   kernel32:KERNEL32.dll
 0004:00000140       __imp__GetACP@0            0040a140   kernel32:KERNEL32.dll
 0004:00000144       __imp__GetOEMCP@0          0040a144   kernel32:KERNEL32.dll
 0004:00000148       __imp__SetHandleCount@4    0040a148   kernel32:KERNEL32.dll
 0004:0000014c       __imp__GetFileType@4       0040a14c   kernel32:KERNEL32.dll
 0004:00000150       __imp__RtlUnwind@16        0040a150   kernel32:KERNEL32.dll
 0004:00000154       __imp__GetStartupInfoA@4   0040a154   kernel32:KERNEL32.dll
 0004:00000158       __imp__DeleteCriticalSection@4 0040a158   kernel32:KERNEL32.dll
 0004:0000015c       __imp__HeapDestroy@4       0040a15c   kernel32:KERNEL32.dll
 0004:00000160       __imp__HeapCreate@12       0040a160   kernel32:KERNEL32.dll
 0004:00000164       __imp__VirtualFree@12      0040a164   kernel32:KERNEL32.dll
 0004:00000168       __imp__WriteFile@20        0040a168   kernel32:KERNEL32.dll
 0004:0000016c       __imp__SetUnhandledExceptionFilter@4 0040a16c   kernel32:KERNEL32.dll
 0004:00000170       __imp__IsBadReadPtr@8      0040a170   kernel32:KERNEL32.dll
 0004:00000174       __imp__IsBadWritePtr@8     0040a174   kernel32:KERNEL32.dll
 0004:00000178       __imp__IsBadCodePtr@4      0040a178   kernel32:KERNEL32.dll
 0004:0000017c       __imp__HeapAlloc@12        0040a17c   kernel32:KERNEL32.dll
 0004:00000180       __imp__InitializeCriticalSection@4 0040a180   kernel32:KERNEL32.dll
 0004:00000184       __imp__EnterCriticalSection@4 0040a184   kernel32:KERNEL32.dll
 0004:00000188       __imp__LeaveCriticalSection@4 0040a188   kernel32:KERNEL32.dll
 0004:0000018c       __imp__HeapFree@12         0040a18c   kernel32:KERNEL32.dll
 0004:00000190       __imp__VirtualAlloc@16     0040a190   kernel32:KERNEL32.dll
 0004:00000194       __imp__GetProcAddress@8    0040a194   kernel32:KERNEL32.dll
 0004:00000198       __imp__LoadLibraryA@4      0040a198   kernel32:KERNEL32.dll
 0004:0000019c       __imp__HeapReAlloc@16      0040a19c   kernel32:KERNEL32.dll
 0004:000001a0       __imp__HeapSize@12         0040a1a0   kernel32:KERNEL32.dll
 0004:000001a4       __imp__FlushFileBuffers@4  0040a1a4   kernel32:KERNEL32.dll
 0004:000001a8       __imp__CloseHandle@4       0040a1a8   kernel32:KERNEL32.dll
 0004:000001ac       __imp__SetStdHandle@8      0040a1ac   kernel32:KERNEL32.dll
 0004:000001b0       __imp__SetFilePointer@16   0040a1b0   kernel32:KERNEL32.dll
 0004:000001b4       \177KERNEL32_NULL_THUNK_DATA 0040a1b4   kernel32:KERNEL32.dll

 entry point at        0001:00000700

 Static symbols

 0001:00003d10       _flsall                    00404d10 f LIBCMT:fflush.obj
 0001:00003b70       _siglookup                 00404b70 f LIBCMT:winsig.obj
 0001:00002460       _$E2                       00403460 f LIBCMT:unhandld.obj
 0001:00002470       _$E1                       00403470 f LIBCMT:unhandld.obj
 0001:00001e30       _getSystemCP               00402e30 f LIBCMT:mbctype.obj
 0001:00001e80       _CPtoLCID                  00402e80 f LIBCMT:mbctype.obj
 0001:00001ee0       _setSBCS                   00402ee0 f LIBCMT:mbctype.obj
 0001:000018a0       _parse_cmdline             004028a0 f LIBCMT:stdargv.obj
 0001:000016e0       _xcptlookup                004026e0 f LIBCMT:winxfltr.obj
 0001:00001490       _doexit                    00402490 f LIBCMT:crt0dat.obj
 0001:00001570       __initterm                 00402570 f LIBCMT:crt0dat.obj
 0001:00000930       ?FindHandler@@YAXPAUEHExceptionRecord@@PAUEHRegistrationNode@@PAU_CONTEXT@@PAXPBU_s_FuncInfo@@EH1@Z 00401930 f LIBCMT:frame.obj
 0001:00000bd0       ?FindHandlerForForeignException@@YAXPAUEHExceptionRecord@@PAUEHRegistrationNode@@PAU_CONTEXT@@PAXPBU_s_FuncInfo@@HH1@Z 00401bd0 f LIBCMT:frame.obj
 0001:00000cb0       ?GetRangeOfTrysToCheck@@YAPBU_s_TryBlockMapEntry@@PBU_s_FuncInfo@@HHPAI1@Z 00401cb0 f LIBCMT:frame.obj
 0001:00000e20       ?FrameUnwindFilter@@YAHPAU_EXCEPTION_POINTERS@@@Z 00401e20 f LIBCMT:frame.obj
 0001:00000e40       ?CatchIt@@YAXPAUEHExceptionRecord@@PAUEHRegistrationNode@@PAU_CONTEXT@@PAXPBU_s_FuncInfo@@PBU_s_HandlerType@@PBU_s_CatchableType@@PBU_s_TryBlockMapEntry@@H1@Z 00401e40 f LIBCMT:frame.obj
 0001:00000ee0       ?CallCatchBlock@@YAPAXPAUEHExceptionRecord@@PAUEHRegistrationNode@@PAU_CONTEXT@@PBU_s_FuncInfo@@PAXHK@Z 00401ee0 f LIBCMT:frame.obj
 0001:00001000       ?ExFilterRethrow@@YAHPAU_EXCEPTION_POINTERS@@@Z 00402000 f LIBCMT:frame.obj
 0001:00001030       ?BuildCatchObject@@YAXPAUEHExceptionRecord@@PAUEHRegistrationNode@@PBU_s_HandlerType@@PBU_s_CatchableType@@@Z 00402030 f LIBCMT:frame.obj
 0001:00001230       ?DestructExceptionObject@@YAXPAUEHExceptionRecord@@E@Z 00402230 f LIBCMT:frame.obj
 0001:000012b0       ?AdjustPointer@@YAPAXPAXABUPMD@@@Z 004022b0 f LIBCMT:frame.obj
 0001:00000580       ?CatchGuardHandler@@YA?AW4_EXCEPTION_DISPOSITION@@PAUEHExceptionRecord@@PAUCatchGuardRN@@PAX2@Z 00401580 f LIBCMT:trnsctrl.obj
 0001:00000690       ?TranslatorGuardHandler@@YA?AW4_EXCEPTION_DISPOSITION@@PAUEHExceptionRecord@@PAUTranslatorGuardRN@@PAX2@Z 00401690 f LIBCMT:trnsctrl.obj
 0001:00000324       __unwind_handler           00401324 f LIBCMT:exsup.obj

FIXUPS: 17c5 1c 9 19 10 37 a fffffc44 60 64 45 97 97 13 fffffc36 d7e 13
FIXUPS: 20c6 20 13 19 21 1e 13 1c a d f 10 1b e f e 7 10 61 12 fffff4d2
FIXUPS: 1763 8 b f 5 10 19 8 5 25c 12a 2d 3f 10 16 2e 2b 56 6a 46 64 2d
FIXUPS: 1dd3 2f 2d 2e 1f 18 29 e 50 b b b 20 2f 17 14 b 2b a 7a4 3c fffffdbf
FIXUPS: 25a5 fffffe91 12 12 20 1a 72 12 c 2f 10 fffffdcf 1d 20 62 20 1b
FIXUPS: 22ff 1e fffff561 29 77 33 26 f c 13 c 26 17c8 d 11 2f 25 ffffff0b
FIXUPS: 2f2d 10 98 fffffc35 d 14 16 7 b5 77 36 2f 1b 7 14 104 fffffc0b
FIXUPS: 2b43 68 fffffc93 14 10 1c fffffec9 15 2e 137b c fffffefe 13 17
FIXUPS: 3a43 f fffffe56 10 a 18 a 5e 2f 41 2f fffffe0a e c 3d fffffcec
FIXUPS: 3540 36 78 fffffe73 15 39 1d fffffd71 18 e3 bd 14ba c 32 fffffda5
FIXUPS: 46b1 13 6d e fffffee4 21 10 ffffffaf a a fffffefb b 21 13 c 37
FIXUPS: 45a6 20 13 fffff7ec c9 67 58 54 fffffadb 3d 11 2d 117d 4b 44 1f
FIXUPS: 4d50 1d 19 1f 1c fffffdfd 2e 2b 23 fffffd98 c 51 13 1c a 85 fffffe3b
FIXUPS: 493f 12 15 fffffdfe 19 3b 17 2b 17 3f 55 75b 13 b d b 7c f6 b 20
FIXUPS: 5215 b fffffd33 17 1f c c e fffffef0 9 b 20 b c 1b fffffedd 2b
FIXUPS: 4e1a 20 d 1a 10 fffffde6 ffffc4c5 49 b 38 a d a a c 9 f c 4325
FIXUPS: 5535 3d fffffe92 b 50 b 41 1d fffffe9d ffffff1b 9 b d b 27 c d
FIXUPS: 530c d
